// Jest Snapshot v1, https://jestjs.io/docs/snapshot-testing

exports[`maps reducer should handle api_get_member/mapinfo 1`] = `
{
  "11": {
    "api_cleared": 1,
    "api_id": 11,
  },
  "12": {
    "api_cleared": 1,
    "api_id": 12,
  },
  "13": {
    "api_cleared": 1,
    "api_id": 13,
  },
  "14": {
    "api_cleared": 1,
    "api_id": 14,
  },
  "15": {
    "api_cleared": 0,
    "api_defeat_count": 0,
    "api_gauge_num": 1,
    "api_gauge_type": 1,
    "api_id": 15,
    "api_required_defeat_count": 4,
  },
  "21": {
    "api_cleared": 1,
    "api_id": 21,
  },
  "22": {
    "api_cleared": 1,
    "api_id": 22,
  },
  "23": {
    "api_cleared": 1,
    "api_id": 23,
  },
  "24": {
    "api_cleared": 1,
    "api_id": 24,
  },
  "25": {
    "api_cleared": 0,
    "api_defeat_count": 0,
    "api_gauge_num": 1,
    "api_gauge_type": 1,
    "api_id": 25,
    "api_required_defeat_count": 4,
  },
  "31": {
    "api_cleared": 1,
    "api_id": 31,
  },
  "32": {
    "api_cleared": 1,
    "api_id": 32,
  },
  "33": {
    "api_cleared": 1,
    "api_id": 33,
  },
  "34": {
    "api_cleared": 1,
    "api_id": 34,
  },
  "35": {
    "api_cleared": 0,
    "api_defeat_count": 0,
    "api_gauge_num": 1,
    "api_gauge_type": 1,
    "api_id": 35,
    "api_required_defeat_count": 4,
  },
  "41": {
    "api_cleared": 1,
    "api_id": 41,
  },
  "42": {
    "api_cleared": 1,
    "api_id": 42,
  },
  "43": {
    "api_cleared": 1,
    "api_id": 43,
  },
  "44": {
    "api_cleared": 1,
    "api_gauge_num": 1,
    "api_gauge_type": 1,
    "api_id": 44,
  },
  "45": {
    "api_cleared": 0,
    "api_defeat_count": 0,
    "api_gauge_num": 1,
    "api_gauge_type": 1,
    "api_id": 45,
    "api_required_defeat_count": 5,
  },
  "51": {
    "api_cleared": 1,
    "api_id": 51,
  },
  "52": {
    "api_cleared": 1,
    "api_gauge_num": 1,
    "api_gauge_type": 1,
    "api_id": 52,
  },
  "53": {
    "api_cleared": 1,
    "api_gauge_num": 1,
    "api_gauge_type": 1,
    "api_id": 53,
  },
  "531": {
    "api_air_base_decks": 1,
    "api_cleared": 0,
    "api_eventmap": {
      "api_max_maphp": 9999,
      "api_now_maphp": 9999,
      "api_selected_rank": 0,
      "api_state": 1,
    },
    "api_gauge_num": 1,
    "api_gauge_type": 2,
    "api_id": 531,
    "api_sally_flag": [
      1,
      0,
      0,
    ],
  },
  "54": {
    "api_cleared": 1,
    "api_gauge_num": 1,
    "api_gauge_type": 1,
    "api_id": 54,
  },
  "55": {
    "api_cleared": 0,
    "api_defeat_count": 0,
    "api_gauge_num": 1,
    "api_gauge_type": 1,
    "api_id": 55,
    "api_required_defeat_count": 5,
  },
  "61": {
    "api_cleared": 1,
    "api_id": 61,
  },
  "62": {
    "api_cleared": 1,
    "api_gauge_num": 1,
    "api_gauge_type": 1,
    "api_id": 62,
  },
  "63": {
    "api_cleared": 1,
    "api_gauge_num": 1,
    "api_gauge_type": 1,
    "api_id": 63,
  },
  "64": {
    "api_air_base_decks": 1,
    "api_cleared": 1,
    "api_gauge_num": 1,
    "api_gauge_type": 1,
    "api_id": 64,
  },
  "65": {
    "api_air_base_decks": 2,
    "api_cleared": 0,
    "api_defeat_count": 0,
    "api_gauge_num": 1,
    "api_gauge_type": 1,
    "api_id": 65,
    "api_required_defeat_count": 6,
  },
  "71": {
    "api_cleared": 1,
    "api_gauge_num": 1,
    "api_gauge_type": 1,
    "api_id": 71,
  },
  "72": {
    "api_cleared": 1,
    "api_defeat_count": 0,
    "api_gauge_num": 1,
    "api_gauge_type": 1,
    "api_id": 72,
    "api_required_defeat_count": 3,
  },
  "73": {
    "api_cleared": 0,
    "api_defeat_count": 0,
    "api_gauge_num": 1,
    "api_gauge_type": 1,
    "api_id": 73,
    "api_required_defeat_count": 3,
  },
}
`;

exports[`maps reducer should handle api_req_map/select_eventmap_rank 1`] = `
"Snapshot Diff:
- First value
+ Second value

@@ -95,19 +95,10 @@
      "api_gauge_num": 1,
      "api_gauge_type": 1,
      "api_id": 45,
      "api_required_defeat_count": 5,
    },
-   "494": Object {
-     "api_eventmap": Object {
-       "api_gauge_num": 1,
-       "api_gauge_type": 3,
-       "api_max_maphp": 600,
-       "api_now_maphp": 600,
-       "api_selected_rank": 4,
-     },
-   },
    "51": Object {
      "api_cleared": 1,
      "api_id": 51,
    },
    "52": Object {"
`;
